Enter the preorder traversal of the BST: Tree:

    3
   / \
  2   4
 /     \
1       5

Enter k: For k = 0, BSTreeGetKth returned 1
Enter k: For k = 1, BSTreeGetKth returned 2
Enter k: For k = 2, BSTreeGetKth returned 3
Enter k: 