Enter the preorder traversal of the BST: Tree:

   8
  / \
 /   \
2    12
 \     \
  5    13
 / \
4   7

Enter k: For k = 0, BSTreeGetKth returned 2
Enter k: For k = 1, BSTreeGetKth returned 5
Enter k: 