Enter the preorder traversal of the BST: Tree:

2
 \
  5
   \
    8
   / \
  7   9

Enter k: For k = 0, BSTreeGetKth returned 2
Enter k: For k = 1, BSTreeGetKth returned 8
Enter k: 