6
10
13
13
22
23
32
32
33
51
56
60
75
90
91
91
102
140
153
161
188
193
200
209
211
248
249
275
280
312
339
342
350
354
385
406
414
417
421
422
441
454
467
479
486
510
516
524
534
571
580
607
625
631
632
632
637
695
710
711
717
721
731
739
740
743
746
764
770
779
790
815
817
823
828
834
835
846
853
857
884
885
888
893
902
911
919
925
932
940
964
969
983
991
1010
1021
1032
1057
1067
1070
1076
1086
1108
1109
1120
1120
1121
1123
1137
1142
1154
1155
1159
1162
1163
1163
1212
1217
1230
1234
1248
1249
1263
1277
1301
1321
1326
1358
1359
1360
1364
1364
1368
1373
1376
1383
1388
1392
1406
1445
1463
1474
1476
1476
1495
1513
1524
1536
1541
1561
1562
1566
1566
1567
1583
1587
1600
1601
1603
1628
1631
1641
1643
1668
1672
1707
1708
1712
1729
1756
1757
1759
1770
1790
1793
1793
1799
1805
1816
1816
1842
1859
1885
1891
1891
1896
1901
1903
1913
1915
1919
1923
1924
1926
1943
1969
1969
1979
1990
1994
